<?xml version="1.0"?>
<testsuites>
  <testsuite name="Chrome 40.0.2214 (Linux)" package="" timestamp="2015-02-12T21:35:07" id="0" hostname="adam-Latitude-E6520" tests="0" errors="1" failures="0" time="0">
    <properties>
      <property name="browser.fullName" value="Mozilla/5.0 (X11; Linux x86_64) AppleWebKit/537.36 (KHTML, like Gecko) Chrome/40.0.2214.111 Safari/537.36"/>
    </properties>
    <system-out><![CDATA[Chrome 40.0.2214 (Linux) ERROR
  TEST RUN WAS CANCELLED because this file contains some errors:
    /tmp/31382f57ef88e16acc03c7ccc6244e41450a531b.browserify

]]></system-out>
    <system-err/>
  </testsuite>
</testsuites>
